

================================================================
== Vitis HLS Report for 'array_io'
================================================================
* Date:           Wed Oct 12 10:42:48 2022

* Version:        2022.1 (Build 3526262 on Mon Apr 18 15:48:16 MDT 2022)
* Project:        LabA_3
* Solution:       solution7 (Vivado IP Flow Target)
* Product family: virtexuplus
* Target device:  xcvu9p-flgb2104-1-e


================================================================
== Performance Estimates
================================================================
+ Timing: 
    * Summary: 
    +--------+---------+----------+------------+
    |  Clock |  Target | Estimated| Uncertainty|
    +--------+---------+----------+------------+
    |ap_clk  |  4.00 ns|  2.242 ns|     1.08 ns|
    +--------+---------+----------+------------+

+ Latency: 
    * Summary: 
    +---------+---------+-----------+-----------+-----+-----+---------+
    |  Latency (cycles) |   Latency (absolute)  |  Interval | Pipeline|
    |   min   |   max   |    min    |    max    | min | max |   Type  |
    +---------+---------+-----------+-----------+-----+-----+---------+
    |       10|       10|  40.000 ns|  40.000 ns|   11|   11|       no|
    +---------+---------+-----------+-----------+-----+-----+---------+

    + Detail: 
        * Instance: 
        N/A

        * Loop: 
        N/A



================================================================
== Utilization Estimates
================================================================
* Summary: 
+---------------------+---------+------+---------+---------+-----+
|         Name        | BRAM_18K|  DSP |    FF   |   LUT   | URAM|
+---------------------+---------+------+---------+---------+-----+
|DSP                  |        -|     -|        -|        -|    -|
|Expression           |        -|     -|        0|     1640|    -|
|FIFO                 |        -|     -|        -|        -|    -|
|Instance             |        -|     -|        -|        -|    -|
|Memory               |        -|     -|        -|        -|    -|
|Multiplexer          |        -|     -|        -|      677|    -|
|Register             |        -|     -|      979|        -|    -|
+---------------------+---------+------+---------+---------+-----+
|Total                |        0|     0|      979|     2317|    0|
+---------------------+---------+------+---------+---------+-----+
|Available SLR        |     1440|  2280|   788160|   394080|  320|
+---------------------+---------+------+---------+---------+-----+
|Utilization SLR (%)  |        0|     0|       ~0|       ~0|    0|
+---------------------+---------+------+---------+---------+-----+
|Available            |     4320|  6840|  2364480|  1182240|  960|
+---------------------+---------+------+---------+---------+-----+
|Utilization (%)      |        0|     0|       ~0|       ~0|    0|
+---------------------+---------+------+---------+---------+-----+

+ Detail: 
    * Instance: 
    N/A

    * DSP: 
    N/A

    * Memory: 
    N/A

    * FIFO: 
    N/A

    * Expression: 
    +------------------------+----------+----+---+----+------------+------------+
    |      Variable Name     | Operation| DSP| FF| LUT| Bitwidth P0| Bitwidth P1|
    +------------------------+----------+----+---+----+------------+------------+
    |add_ln67_10_fu_1032_p2  |         +|   0|  0|  25|          18|          18|
    |add_ln67_12_fu_1060_p2  |         +|   0|  0|  32|          32|          32|
    |add_ln67_13_fu_948_p2   |         +|   0|  0|  24|          17|          17|
    |add_ln67_14_fu_1068_p2  |         +|   0|  0|  25|          18|          18|
    |add_ln67_16_fu_1186_p2  |         +|   0|  0|  32|          32|          32|
    |add_ln67_17_fu_1100_p2  |         +|   0|  0|  24|          17|          17|
    |add_ln67_18_fu_1194_p2  |         +|   0|  0|  25|          18|          18|
    |add_ln67_1_fu_776_p2    |         +|   0|  0|  24|          17|          17|
    |add_ln67_20_fu_1222_p2  |         +|   0|  0|  32|          32|          32|
    |add_ln67_21_fu_1110_p2  |         +|   0|  0|  24|          17|          17|
    |add_ln67_22_fu_1230_p2  |         +|   0|  0|  25|          18|          18|
    |add_ln67_24_fu_1302_p2  |         +|   0|  0|  32|          32|          32|
    |add_ln67_25_fu_1262_p2  |         +|   0|  0|  24|          17|          17|
    |add_ln67_26_fu_1310_p2  |         +|   0|  0|  25|          18|          18|
    |add_ln67_28_fu_1338_p2  |         +|   0|  0|  32|          32|          32|
    |add_ln67_29_fu_1272_p2  |         +|   0|  0|  24|          17|          17|
    |add_ln67_2_fu_872_p2    |         +|   0|  0|  25|          18|          18|
    |add_ln67_30_fu_1346_p2  |         +|   0|  0|  25|          18|          18|
    |add_ln67_4_fu_899_p2    |         +|   0|  0|  32|          32|          32|
    |add_ln67_5_fu_786_p2    |         +|   0|  0|  24|          17|          17|
    |add_ln67_6_fu_907_p2    |         +|   0|  0|  25|          18|          18|
    |add_ln67_8_fu_1024_p2   |         +|   0|  0|  32|          32|          32|
    |add_ln67_9_fu_938_p2    |         +|   0|  0|  24|          17|          17|
    |add_ln67_fu_864_p2      |         +|   0|  0|  32|          32|          32|
    |add_ln69_10_fu_834_p2   |         +|   0|  0|  23|          16|          16|
    |add_ln69_11_fu_840_p2   |         +|   0|  0|  23|          16|          16|
    |add_ln69_12_fu_996_p2   |         +|   0|  0|  23|          16|          16|
    |add_ln69_13_fu_1002_p2  |         +|   0|  0|  23|          16|          16|
    |add_ln69_14_fu_1158_p2  |         +|   0|  0|  23|          16|          16|
    |add_ln69_15_fu_1164_p2  |         +|   0|  0|  23|          16|          16|
    |add_ln69_16_fu_846_p2   |         +|   0|  0|  23|          16|          16|
    |add_ln69_17_fu_852_p2   |         +|   0|  0|  23|          16|          16|
    |add_ln69_18_fu_1008_p2  |         +|   0|  0|  23|          16|          16|
    |add_ln69_19_fu_1013_p2  |         +|   0|  0|  23|          16|          16|
    |add_ln69_1_fu_745_p2    |         +|   0|  0|  23|          16|          16|
    |add_ln69_20_fu_1170_p2  |         +|   0|  0|  23|          16|          16|
    |add_ln69_21_fu_1175_p2  |         +|   0|  0|  23|          16|          16|
    |add_ln69_22_fu_1292_p2  |         +|   0|  0|  23|          16|          16|
    |add_ln69_23_fu_1297_p2  |         +|   0|  0|  23|          16|          16|
    |add_ln69_24_fu_894_p2   |         +|   0|  0|  23|          16|          16|
    |add_ln69_25_fu_929_p2   |         +|   0|  0|  23|          16|          16|
    |add_ln69_26_fu_1054_p2  |         +|   0|  0|  23|          16|          16|
    |add_ln69_27_fu_1090_p2  |         +|   0|  0|  23|          16|          16|
    |add_ln69_28_fu_1216_p2  |         +|   0|  0|  23|          16|          16|
    |add_ln69_29_fu_1252_p2  |         +|   0|  0|  23|          16|          16|
    |add_ln69_2_fu_808_p2    |         +|   0|  0|  23|          16|          16|
    |add_ln69_30_fu_1332_p2  |         +|   0|  0|  23|          16|          16|
    |add_ln69_31_fu_1368_p2  |         +|   0|  0|  23|          16|          16|
    |add_ln69_3_fu_822_p2    |         +|   0|  0|  23|          16|          16|
    |add_ln69_4_fu_968_p2    |         +|   0|  0|  23|          16|          16|
    |add_ln69_5_fu_982_p2    |         +|   0|  0|  23|          16|          16|
    |add_ln69_6_fu_1130_p2   |         +|   0|  0|  23|          16|          16|
    |add_ln69_7_fu_1144_p2   |         +|   0|  0|  23|          16|          16|
    |add_ln69_8_fu_752_p2    |         +|   0|  0|  23|          16|          16|
    |add_ln69_9_fu_758_p2    |         +|   0|  0|  23|          16|          16|
    |add_ln69_fu_730_p2      |         +|   0|  0|  23|          16|          16|
    |temp_1_fu_917_p2        |         +|   0|  0|  32|          32|          32|
    |temp_2_fu_1042_p2       |         +|   0|  0|  32|          32|          32|
    |temp_3_fu_1078_p2       |         +|   0|  0|  32|          32|          32|
    |temp_4_fu_1204_p2       |         +|   0|  0|  32|          32|          32|
    |temp_5_fu_1240_p2       |         +|   0|  0|  32|          32|          32|
    |temp_6_fu_1320_p2       |         +|   0|  0|  32|          32|          32|
    |temp_7_fu_1356_p2       |         +|   0|  0|  32|          32|          32|
    |temp_fu_882_p2          |         +|   0|  0|  32|          32|          32|
    +------------------------+----------+----+---+----+------------+------------+
    |Total                   |          |   0|  0|1640|        1304|        1304|
    +------------------------+----------+----+---+----+------------+------------+

    * Multiplexer: 
    +----------------+----+-----------+-----+-----------+
    |      Name      | LUT| Input Size| Bits| Total Bits|
    +----------------+----+-----------+-----+-----------+
    |ap_NS_fsm       |  65|         12|    1|         12|
    |d_i_0_address0  |  49|          9|    4|         36|
    |d_i_0_address1  |  49|          9|    4|         36|
    |d_i_1_address0  |  49|          9|    4|         36|
    |d_i_1_address1  |  49|          9|    4|         36|
    |d_o_0_address0  |  26|          5|    3|         15|
    |d_o_0_address1  |  26|          5|    3|         15|
    |d_o_0_d0        |  26|          5|   16|         80|
    |d_o_0_d1        |  26|          5|   16|         80|
    |d_o_1_address0  |  26|          5|    3|         15|
    |d_o_1_address1  |  26|          5|    3|         15|
    |d_o_1_d0        |  26|          5|   16|         80|
    |d_o_1_d1        |  26|          5|   16|         80|
    |d_o_2_address0  |  26|          5|    3|         15|
    |d_o_2_address1  |  26|          5|    3|         15|
    |d_o_2_d0        |  26|          5|   16|         80|
    |d_o_2_d1        |  26|          5|   16|         80|
    |d_o_3_address0  |  26|          5|    3|         15|
    |d_o_3_address1  |  26|          5|    3|         15|
    |d_o_3_d0        |  26|          5|   16|         80|
    |d_o_3_d1        |  26|          5|   16|         80|
    +----------------+----+-----------+-----+-----------+
    |Total           | 677|        128|  169|        916|
    +----------------+----+-----------+-----+-----------+

    * Register: 
    +-----------------------+----+----+-----+-----------+
    |          Name         | FF | LUT| Bits| Const Bits|
    +-----------------------+----+----+-----+-----------+
    |acc_0                  |  32|   0|   32|          0|
    |acc_1                  |  32|   0|   32|          0|
    |acc_2                  |  32|   0|   32|          0|
    |acc_3                  |  32|   0|   32|          0|
    |acc_4                  |  32|   0|   32|          0|
    |acc_5                  |  32|   0|   32|          0|
    |acc_6                  |  32|   0|   32|          0|
    |acc_7                  |  32|   0|   32|          0|
    |add_ln67_13_reg_1657   |  17|   0|   17|          0|
    |add_ln67_17_reg_1710   |  17|   0|   17|          0|
    |add_ln67_1_reg_1589    |  17|   0|   17|          0|
    |add_ln67_21_reg_1715   |  17|   0|   17|          0|
    |add_ln67_25_reg_1758   |  17|   0|   17|          0|
    |add_ln67_29_reg_1763   |  17|   0|   17|          0|
    |add_ln67_5_reg_1599    |  17|   0|   17|          0|
    |add_ln67_9_reg_1652    |  17|   0|   17|          0|
    |add_ln69_10_reg_1620   |  16|   0|   16|          0|
    |add_ln69_11_reg_1626   |  16|   0|   16|          0|
    |add_ln69_12_reg_1678   |  16|   0|   16|          0|
    |add_ln69_13_reg_1684   |  16|   0|   16|          0|
    |add_ln69_14_reg_1736   |  16|   0|   16|          0|
    |add_ln69_15_reg_1742   |  16|   0|   16|          0|
    |add_ln69_24_reg_1642   |  16|   0|   16|          0|
    |add_ln69_25_reg_1647   |  16|   0|   16|          0|
    |add_ln69_26_reg_1700   |  16|   0|   16|          0|
    |add_ln69_27_reg_1705   |  16|   0|   16|          0|
    |add_ln69_28_reg_1748   |  16|   0|   16|          0|
    |add_ln69_29_reg_1753   |  16|   0|   16|          0|
    |add_ln69_30_reg_1768   |  16|   0|   16|          0|
    |add_ln69_31_reg_1773   |  16|   0|   16|          0|
    |add_ln69_8_reg_1557    |  16|   0|   16|          0|
    |add_ln69_9_reg_1568    |  16|   0|   16|          0|
    |ap_CS_fsm              |  11|   0|   11|          0|
    |d_i_0_load_2_reg_1414  |  16|   0|   16|          0|
    |d_i_0_load_3_reg_1420  |  16|   0|   16|          0|
    |d_i_0_load_4_reg_1458  |  16|   0|   16|          0|
    |d_i_0_load_5_reg_1464  |  16|   0|   16|          0|
    |d_i_0_load_6_reg_1502  |  16|   0|   16|          0|
    |d_i_0_load_7_reg_1508  |  16|   0|   16|          0|
    |d_i_0_load_8_reg_1552  |  16|   0|   16|          0|
    |d_i_0_load_9_reg_1563  |  16|   0|   16|          0|
    |d_i_1_load_2_reg_1436  |  16|   0|   16|          0|
    |d_i_1_load_3_reg_1442  |  16|   0|   16|          0|
    |d_i_1_load_4_reg_1480  |  16|   0|   16|          0|
    |d_i_1_load_5_reg_1486  |  16|   0|   16|          0|
    |d_i_1_load_6_reg_1524  |  16|   0|   16|          0|
    |d_i_1_load_7_reg_1530  |  16|   0|   16|          0|
    |d_i_1_load_8_reg_1584  |  16|   0|   16|          0|
    |d_i_1_load_9_reg_1594  |  16|   0|   16|          0|
    |reg_706                |  16|   0|   16|          0|
    |reg_710                |  16|   0|   16|          0|
    |reg_714                |  16|   0|   16|          0|
    |reg_718                |  16|   0|   16|          0|
    +-----------------------+----+----+-----+-----------+
    |Total                  | 979|   0|  979|          0|
    +-----------------------+----+----+-----+-----------+



================================================================
== Interface
================================================================
* Summary: 
+----------------+-----+-----+------------+--------------+--------------+
|    RTL Ports   | Dir | Bits|  Protocol  | Source Object|    C Type    |
+----------------+-----+-----+------------+--------------+--------------+
|ap_clk          |   in|    1|  ap_ctrl_hs|      array_io|  return value|
|ap_rst          |   in|    1|  ap_ctrl_hs|      array_io|  return value|
|ap_start        |   in|    1|  ap_ctrl_hs|      array_io|  return value|
|ap_done         |  out|    1|  ap_ctrl_hs|      array_io|  return value|
|ap_idle         |  out|    1|  ap_ctrl_hs|      array_io|  return value|
|ap_ready        |  out|    1|  ap_ctrl_hs|      array_io|  return value|
|d_o_0_address0  |  out|    3|   ap_memory|         d_o_0|         array|
|d_o_0_ce0       |  out|    1|   ap_memory|         d_o_0|         array|
|d_o_0_we0       |  out|    1|   ap_memory|         d_o_0|         array|
|d_o_0_d0        |  out|   16|   ap_memory|         d_o_0|         array|
|d_o_0_address1  |  out|    3|   ap_memory|         d_o_0|         array|
|d_o_0_ce1       |  out|    1|   ap_memory|         d_o_0|         array|
|d_o_0_we1       |  out|    1|   ap_memory|         d_o_0|         array|
|d_o_0_d1        |  out|   16|   ap_memory|         d_o_0|         array|
|d_o_1_address0  |  out|    3|   ap_memory|         d_o_1|         array|
|d_o_1_ce0       |  out|    1|   ap_memory|         d_o_1|         array|
|d_o_1_we0       |  out|    1|   ap_memory|         d_o_1|         array|
|d_o_1_d0        |  out|   16|   ap_memory|         d_o_1|         array|
|d_o_1_address1  |  out|    3|   ap_memory|         d_o_1|         array|
|d_o_1_ce1       |  out|    1|   ap_memory|         d_o_1|         array|
|d_o_1_we1       |  out|    1|   ap_memory|         d_o_1|         array|
|d_o_1_d1        |  out|   16|   ap_memory|         d_o_1|         array|
|d_o_2_address0  |  out|    3|   ap_memory|         d_o_2|         array|
|d_o_2_ce0       |  out|    1|   ap_memory|         d_o_2|         array|
|d_o_2_we0       |  out|    1|   ap_memory|         d_o_2|         array|
|d_o_2_d0        |  out|   16|   ap_memory|         d_o_2|         array|
|d_o_2_address1  |  out|    3|   ap_memory|         d_o_2|         array|
|d_o_2_ce1       |  out|    1|   ap_memory|         d_o_2|         array|
|d_o_2_we1       |  out|    1|   ap_memory|         d_o_2|         array|
|d_o_2_d1        |  out|   16|   ap_memory|         d_o_2|         array|
|d_o_3_address0  |  out|    3|   ap_memory|         d_o_3|         array|
|d_o_3_ce0       |  out|    1|   ap_memory|         d_o_3|         array|
|d_o_3_we0       |  out|    1|   ap_memory|         d_o_3|         array|
|d_o_3_d0        |  out|   16|   ap_memory|         d_o_3|         array|
|d_o_3_address1  |  out|    3|   ap_memory|         d_o_3|         array|
|d_o_3_ce1       |  out|    1|   ap_memory|         d_o_3|         array|
|d_o_3_we1       |  out|    1|   ap_memory|         d_o_3|         array|
|d_o_3_d1        |  out|   16|   ap_memory|         d_o_3|         array|
|d_i_0_address0  |  out|    4|   ap_memory|         d_i_0|         array|
|d_i_0_ce0       |  out|    1|   ap_memory|         d_i_0|         array|
|d_i_0_q0        |   in|   16|   ap_memory|         d_i_0|         array|
|d_i_0_address1  |  out|    4|   ap_memory|         d_i_0|         array|
|d_i_0_ce1       |  out|    1|   ap_memory|         d_i_0|         array|
|d_i_0_q1        |   in|   16|   ap_memory|         d_i_0|         array|
|d_i_1_address0  |  out|    4|   ap_memory|         d_i_1|         array|
|d_i_1_ce0       |  out|    1|   ap_memory|         d_i_1|         array|
|d_i_1_q0        |   in|   16|   ap_memory|         d_i_1|         array|
|d_i_1_address1  |  out|    4|   ap_memory|         d_i_1|         array|
|d_i_1_ce1       |  out|    1|   ap_memory|         d_i_1|         array|
|d_i_1_q1        |   in|   16|   ap_memory|         d_i_1|         array|
+----------------+-----+-----+------------+--------------+--------------+

